[backblue.gif]
[fade.gif]
[index.html]
[azim.commonsupport.com/Metlife/assets/images/favicon.ico]
[azim.commonsupport.com/Metlife/assets/images/logo.png]
[azim.commonsupport.com/Metlife/assets/images/logo-2.png]
[azim.commonsupport.com/Metlife/assets/images/banner/banner-1.jpg]
[azim.commonsupport.com/Metlife/assets/images/shape/pattern-1.png]
[azim.commonsupport.com/Metlife/assets/images/shape/pattern-2.png]
[azim.commonsupport.com/Metlife/assets/images/shape/pattern-3.png]
[azim.commonsupport.com/Metlife/assets/images/banner/banner-2.jpg]
[azim.commonsupport.com/Metlife/assets/images/banner/banner-3.jpg]
[azim.commonsupport.com/Metlife/assets/images/banner/banner-4.jpg]
[azim.commonsupport.com/Metlife/assets/images/shape/pattern-5.png]
[azim.commonsupport.com/Metlife/assets/images/shape/pattern-4.png]
[azim.commonsupport.com/Metlife/assets/images/resource/about-1.jpg]
[azim.commonsupport.com/Metlife/assets/images/resource/about-2.jpg]
[azim.commonsupport.com/Metlife/assets/images/resource/clients-1.jpg]
[azim.commonsupport.com/Metlife/assets/images/shape/pattern-7.png]
[azim.commonsupport.com/Metlife/assets/images/shape/pattern-6.png]
[azim.commonsupport.com/Metlife/assets/images/service/service-1.jpg]
[azim.commonsupport.com/Metlife/assets/images/service/service-2.jpg]
[azim.commonsupport.com/Metlife/assets/images/service/service-3.jpg]
[azim.commonsupport.com/Metlife/assets/images/shape/pattern-9.png]
[azim.commonsupport.com/Metlife/assets/images/background/chooseus-1.jpg]
[azim.commonsupport.com/Metlife/assets/images/shape/pattern-8.png]
[azim.commonsupport.com/Metlife/assets/images/clients/clients-logo-1.png]
[azim.commonsupport.com/Metlife/assets/images/clients/clients-logo-2.png]
[azim.commonsupport.com/Metlife/assets/images/clients/clients-logo-3.png]
[azim.commonsupport.com/Metlife/assets/images/clients/clients-logo-4.png]
[azim.commonsupport.com/Metlife/assets/images/clients/clients-logo-5.png]
[azim.commonsupport.com/Metlife/assets/images/team/team-1.jpg]
[azim.commonsupport.com/Metlife/assets/images/shape/pattern-10.png]
[azim.commonsupport.com/Metlife/assets/images/shape/pattern-11.png]
[azim.commonsupport.com/Metlife/assets/images/team/team-2.jpg]
[azim.commonsupport.com/Metlife/assets/images/team/team-3.jpg]
[azim.commonsupport.com/Metlife/assets/images/shape/pattern-13.png]
[azim.commonsupport.com/Metlife/assets/images/shape/pattern-12.png]
[azim.commonsupport.com/Metlife/assets/images/resource/testimonial-1.png]
[azim.commonsupport.com/Metlife/assets/images/resource/testimonial-2.png]
[azim.commonsupport.com/Metlife/assets/images/background/video-1.jpg]
[azim.commonsupport.com/Metlife/assets/images/shape/pattern-16.png]
[azim.commonsupport.com/Metlife/assets/images/shape/pattern-14.png]
[azim.commonsupport.com/Metlife/assets/images/shape/pattern-15.png]
[azim.commonsupport.com/Metlife/assets/images/news/news-1.jpg]
[azim.commonsupport.com/Metlife/assets/images/news/admin-1.png]
[azim.commonsupport.com/Metlife/assets/images/news/news-2.jpg]
[azim.commonsupport.com/Metlife/assets/images/news/admin-2.png]
[azim.commonsupport.com/Metlife/assets/images/news/news-3.jpg]
[azim.commonsupport.com/Metlife/assets/images/news/admin-3.png]
[azim.commonsupport.com/Metlife/assets/images/shape/pattern-18.png]
[azim.commonsupport.com/Metlife/assets/images/shape/pattern-19.png]
[azim.commonsupport.com/Metlife/assets/images/resource/contact-1.png]
[azim.commonsupport.com/Metlife/assets/images/shape/pattern-17.png]
[azim.commonsupport.com/Metlife/assets/images/background/footer-1.jpg]
[azim.commonsupport.com/Metlife/assets/images/footer-logo.png]
[azim.commonsupport.com/Metlife/assets/js/jquery.js]
[azim.commonsupport.com/Metlife/assets/js/popper.min.js]
[azim.commonsupport.com/Metlife/assets/js/bootstrap.min.js]
[azim.commonsupport.com/Metlife/assets/js/owl.js]
[azim.commonsupport.com/Metlife/assets/js/wow.js]
[azim.commonsupport.com/Metlife/assets/js/validation.js]
[azim.commonsupport.com/Metlife/assets/js/jquery.fancybox.js]
[azim.commonsupport.com/Metlife/assets/js/appear.js]
[azim.commonsupport.com/Metlife/assets/js/scrollbar.js]
[azim.commonsupport.com/Metlife/assets/js/nav-tool.js]
[azim.commonsupport.com/Metlife/assets/js/jQuery.style.switcher.min.js]
[azim.commonsupport.com/Metlife/assets/js/jquery.paroller.min.js]
[azim.commonsupport.com/Metlife/assets/js/jquery.nice-select.min.js]
[azim.commonsupport.com/Metlife/assets/js/script.js]
[azim.commonsupport.com/Metlife/index.html]
[azim.commonsupport.com/Metlife/assets/fonts/fa-brands-400.eot]
[azim.commonsupport.com/Metlife/assets/fonts/fa-brands-400.woff2]
[azim.commonsupport.com/Metlife/assets/fonts/fa-brands-400d41d.eot]
[azim.commonsupport.com/Metlife/assets/fonts/fa-brands-400.woff]
[azim.commonsupport.com/Metlife/assets/fonts/fa-brands-400.ttf]
[azim.commonsupport.com/Metlife/assets/fonts/fa-light-300.eot]
[azim.commonsupport.com/Metlife/assets/fonts/fa-light-300d41d.eot]
[azim.commonsupport.com/Metlife/assets/fonts/fa-light-300.woff2]
[azim.commonsupport.com/Metlife/assets/fonts/fa-light-300.woff]
[azim.commonsupport.com/Metlife/assets/fonts/fa-light-300.ttf]
[azim.commonsupport.com/Metlife/assets/fonts/fa-regular-400.eot]
[azim.commonsupport.com/Metlife/assets/fonts/fa-regular-400d41d.eot]
[azim.commonsupport.com/Metlife/assets/fonts/fa-regular-400.woff2]
[azim.commonsupport.com/Metlife/assets/fonts/fa-regular-400.woff]
[azim.commonsupport.com/Metlife/assets/fonts/fa-regular-400.ttf]
[azim.commonsupport.com/Metlife/assets/fonts/fa-solid-900.eot]
[azim.commonsupport.com/Metlife/assets/fonts/fa-solid-900d41d.eot]
[azim.commonsupport.com/Metlife/assets/fonts/fa-solid-900.woff2]
[azim.commonsupport.com/Metlife/assets/fonts/fa-solid-900.woff]
[azim.commonsupport.com/Metlife/assets/fonts/fa-solid-900.ttf]
[azim.commonsupport.com/Metlife/assets/css/font-awesome-all.css]
[azim.commonsupport.com/Metlife/assets/fonts/icomoona86e.eot]
[azim.commonsupport.com/Metlife/assets/fonts/icomoona86e.ttf]
[azim.commonsupport.com/Metlife/assets/fonts/icomoona86e.woff]
[azim.commonsupport.com/Metlife/assets/css/flaticon.css]
[azim.commonsupport.com/Metlife/assets/css/owl.css]
[azim.commonsupport.com/Metlife/assets/css/bootstrap.css]
[azim.commonsupport.com/Metlife/assets/css/jquery.fancybox.min.css]
[azim.commonsupport.com/Metlife/assets/css/animate.css]
[azim.commonsupport.com/Metlife/assets/css/nice-select.css]
[azim.commonsupport.com/Metlife/assets/css/color/theme-color.css]
[azim.commonsupport.com/Metlife/assets/css/switcher-style.css]
[azim.commonsupport.com/Metlife/assets/css/global.css]
[azim.commonsupport.com/Metlife/assets/images/icons/cross-out.png]
[azim.commonsupport.com/Metlife/assets/css/style.css]
[azim.commonsupport.com/Metlife/assets/css/responsive.css]
[azim.commonsupport.com/Metlife/assets/images/shape/pattern-20.png]
[azim.commonsupport.com/Metlife/assets/images/banner/banner-5.jpg]
[azim.commonsupport.com/Metlife/assets/images/banner/banner-6.jpg]
[azim.commonsupport.com/Metlife/assets/images/banner/banner-7.jpg]
[azim.commonsupport.com/Metlife/assets/images/shape/pattern-24.png]
[azim.commonsupport.com/Metlife/assets/images/shape/pattern-27.png]
[azim.commonsupport.com/Metlife/assets/images/resource/feature-1.jpg]
[azim.commonsupport.com/Metlife/assets/images/shape/pattern-22.png]
[azim.commonsupport.com/Metlife/assets/images/shape/pattern-23.png]
[azim.commonsupport.com/Metlife/assets/images/shape/pattern-25.png]
[azim.commonsupport.com/Metlife/assets/images/shape/pattern-26.png]
[azim.commonsupport.com/Metlife/assets/images/resource/feature-2.jpg]
[azim.commonsupport.com/Metlife/assets/images/resource/feature-3.jpg]
[azim.commonsupport.com/Metlife/assets/images/shape/pattern-30.png]
[azim.commonsupport.com/Metlife/assets/images/shape/pattern-28.png]
[azim.commonsupport.com/Metlife/assets/images/shape/pattern-29.png]
[azim.commonsupport.com/Metlife/assets/images/resource/about-3.jpg]
[azim.commonsupport.com/Metlife/assets/images/shape/pattern-31.png]
[azim.commonsupport.com/Metlife/assets/images/shape/pattern-32.png]
[azim.commonsupport.com/Metlife/assets/images/shape/pattern-33.png]
[azim.commonsupport.com/Metlife/assets/images/shape/pattern-34.png]
[azim.commonsupport.com/Metlife/assets/images/background/chooseus-2.jpg]
[azim.commonsupport.com/Metlife/assets/images/shape/pattern-35.png]
[azim.commonsupport.com/Metlife/assets/images/shape/pattern-41.png]
[azim.commonsupport.com/Metlife/assets/images/shape/pattern-42.png]
[azim.commonsupport.com/Metlife/assets/images/shape/pattern-37.png]
[azim.commonsupport.com/Metlife/assets/images/shape/pattern-38.png]
[azim.commonsupport.com/Metlife/assets/images/shape/pattern-39.png]
[azim.commonsupport.com/Metlife/assets/images/resource/quote-1.png]
[azim.commonsupport.com/Metlife/assets/images/background/testimonial-1.jpg]
[azim.commonsupport.com/Metlife/assets/images/shape/pattern-40.png]
[azim.commonsupport.com/Metlife/assets/images/resource/testimonial-3.png]
[azim.commonsupport.com/Metlife/assets/images/shape/pattern-43.png]
[azim.commonsupport.com/Metlife/assets/images/shape/pattern-44.png]
[azim.commonsupport.com/Metlife/index-2.html]
[azim.commonsupport.com/Metlife/assets/images/banner/banner-8.jpg]
[azim.commonsupport.com/Metlife/assets/images/banner/banner-9.jpg]
[azim.commonsupport.com/Metlife/assets/images/banner/banner-10.jpg]
[azim.commonsupport.com/Metlife/assets/images/resource/feature-4.jpg]
[azim.commonsupport.com/Metlife/assets/images/resource/feature-5.jpg]
[azim.commonsupport.com/Metlife/assets/images/resource/feature-6.jpg]
[azim.commonsupport.com/Metlife/assets/images/shape/pattern-46.png]
[azim.commonsupport.com/Metlife/assets/images/shape/pattern-47.png]
[azim.commonsupport.com/Metlife/assets/images/resource/about-4.jpg]
[azim.commonsupport.com/Metlife/assets/images/shape/pattern-45.png]
[azim.commonsupport.com/Metlife/assets/images/background/testimonial-2.jpg]
[azim.commonsupport.com/Metlife/assets/images/shape/pattern-48.png]
[azim.commonsupport.com/Metlife/assets/images/background/cta-1.jpg]
[azim.commonsupport.com/Metlife/assets/images/shape/pattern-49.png]
[azim.commonsupport.com/Metlife/assets/images/resource/faq-1.png]
[azim.commonsupport.com/Metlife/assets/images/clients/clients-logo-6.png]
[azim.commonsupport.com/Metlife/assets/images/clients/clients-logo-7.png]
[azim.commonsupport.com/Metlife/assets/images/clients/clients-logo-8.png]
[azim.commonsupport.com/Metlife/assets/images/clients/clients-logo-9.png]
[azim.commonsupport.com/Metlife/assets/images/clients/clients-logo-10.png]
[azim.commonsupport.com/Metlife/index-3.html]
[azim.commonsupport.com/Metlife/assets/js/pagenav.js]
[azim.commonsupport.com/Metlife/index-onepage.html]
[azim.commonsupport.com/Metlife/index-rtl.html]
[azim.commonsupport.com/Metlife/assets/images/background/page-title.jpg]
[azim.commonsupport.com/Metlife/assets/images/shape/pattern-50.png]
[azim.commonsupport.com/Metlife/assets/images/shape/pattern-51.png]
[azim.commonsupport.com/Metlife/about.html]
[azim.commonsupport.com/Metlife/assets/images/team/team-4.jpg]
[azim.commonsupport.com/Metlife/assets/images/team/team-5.jpg]
[azim.commonsupport.com/Metlife/assets/images/team/team-6.jpg]
[azim.commonsupport.com/Metlife/team.html]
[azim.commonsupport.com/Metlife/assets/images/shape/pattern-52.png]
[azim.commonsupport.com/Metlife/assets/images/resource/testimonial-4.png]
[azim.commonsupport.com/Metlife/assets/images/resource/testimonial-5.png]
[azim.commonsupport.com/Metlife/assets/images/resource/testimonial-6.png]
[azim.commonsupport.com/Metlife/testimonials.html]
[azim.commonsupport.com/Metlife/assets/images/shape/pattern-53.png]
[azim.commonsupport.com/Metlife/assets/images/shape/pattern-54.png]
[azim.commonsupport.com/Metlife/assets/images/shape/pattern-57.png]
[azim.commonsupport.com/Metlife/assets/images/shape/pattern-58.png]
[azim.commonsupport.com/Metlife/assets/images/shape/pattern-55.png]
[azim.commonsupport.com/Metlife/assets/images/shape/pattern-56.png]
[azim.commonsupport.com/Metlife/pricing.html]
[azim.commonsupport.com/Metlife/faq.html]
[azim.commonsupport.com/Metlife/assets/images/resource/error-1.png]
[azim.commonsupport.com/Metlife/error.html]
[azim.commonsupport.com/Metlife/assets/images/service/service-4.jpg]
[azim.commonsupport.com/Metlife/assets/images/service/service-5.jpg]
[azim.commonsupport.com/Metlife/assets/images/service/service-6.jpg]
[azim.commonsupport.com/Metlife/service-1.html]
[azim.commonsupport.com/Metlife/service-2.html]
[azim.commonsupport.com/Metlife/assets/images/shape/pattern-59.png]
[azim.commonsupport.com/Metlife/assets/images/shape/pattern-60.png]
[azim.commonsupport.com/Metlife/assets/images/resource/about-5.jpg]
[azim.commonsupport.com/Metlife/service-details.html]
[azim.commonsupport.com/Metlife/assets/images/project/project-1.jpg]
[azim.commonsupport.com/Metlife/assets/images/project/project-2.jpg]
[azim.commonsupport.com/Metlife/assets/images/project/project-3.jpg]
[azim.commonsupport.com/Metlife/assets/images/project/project-4.jpg]
[azim.commonsupport.com/Metlife/assets/images/project/project-5.jpg]
[azim.commonsupport.com/Metlife/assets/images/project/project-6.jpg]
[azim.commonsupport.com/Metlife/assets/js/isotope.js]
[azim.commonsupport.com/Metlife/case-1.html]
[azim.commonsupport.com/Metlife/assets/images/project/project-7.jpg]
[azim.commonsupport.com/Metlife/assets/images/project/project-8.jpg]
[azim.commonsupport.com/Metlife/assets/images/project/project-9.jpg]
[azim.commonsupport.com/Metlife/assets/images/project/project-10.jpg]
[azim.commonsupport.com/Metlife/assets/images/project/project-11.jpg]
[azim.commonsupport.com/Metlife/assets/images/project/project-12.jpg]
[azim.commonsupport.com/Metlife/assets/images/project/project-13.jpg]
[azim.commonsupport.com/Metlife/case-2.html]
[azim.commonsupport.com/Metlife/assets/images/project/project-14.jpg]
[azim.commonsupport.com/Metlife/assets/images/project/project-1.png]
[azim.commonsupport.com/Metlife/case-details.html]
[azim.commonsupport.com/Metlife/assets/images/project/project-15.jpg]
[azim.commonsupport.com/Metlife/about-element-1.html]
[azim.commonsupport.com/Metlife/about-element-2.html]
[azim.commonsupport.com/Metlife/about-element-3.html]
[azim.commonsupport.com/Metlife/about-element-4.html]
[azim.commonsupport.com/Metlife/service-element-1.html]
[azim.commonsupport.com/Metlife/service-element-2.html]
[azim.commonsupport.com/Metlife/service-element-3.html]
[azim.commonsupport.com/Metlife/service-element-4.html]
[azim.commonsupport.com/Metlife/team-element-1.html]
[azim.commonsupport.com/Metlife/team-element-2.html]
[azim.commonsupport.com/Metlife/news-element-1.html]
[azim.commonsupport.com/Metlife/news-element-2.html]
[azim.commonsupport.com/Metlife/feature-element-1.html]
[azim.commonsupport.com/Metlife/feature-element-2.html]
[azim.commonsupport.com/Metlife/chooseus-element.html]
[azim.commonsupport.com/Metlife/clients-element.html]
[azim.commonsupport.com/Metlife/assets/images/news/news-4.jpg]
[azim.commonsupport.com/Metlife/assets/images/news/admin-4.png]
[azim.commonsupport.com/Metlife/assets/images/news/news-5.jpg]
[azim.commonsupport.com/Metlife/assets/images/news/admin-5.png]
[azim.commonsupport.com/Metlife/assets/images/news/news-6.jpg]
[azim.commonsupport.com/Metlife/assets/images/news/admin-6.png]
[azim.commonsupport.com/Metlife/assets/images/news/news-7.jpg]
[azim.commonsupport.com/Metlife/assets/images/news/admin-7.png]
[azim.commonsupport.com/Metlife/assets/images/news/news-8.jpg]
[azim.commonsupport.com/Metlife/assets/images/news/admin-8.png]
[azim.commonsupport.com/Metlife/assets/images/news/news-9.jpg]
[azim.commonsupport.com/Metlife/assets/images/news/admin-9.png]
[azim.commonsupport.com/Metlife/blog-grid.html]
[azim.commonsupport.com/Metlife/assets/images/news/news-10.jpg]
[azim.commonsupport.com/Metlife/assets/images/news/news-11.jpg]
[azim.commonsupport.com/Metlife/assets/images/news/news-12.jpg]
[azim.commonsupport.com/Metlife/assets/images/news/news-13.jpg]
[azim.commonsupport.com/Metlife/assets/images/news/news-14.jpg]
[azim.commonsupport.com/Metlife/assets/images/news/post-1.jpg]
[azim.commonsupport.com/Metlife/assets/images/news/post-2.jpg]
[azim.commonsupport.com/Metlife/assets/images/news/post-3.jpg]
[azim.commonsupport.com/Metlife/blog-standard.html]
[azim.commonsupport.com/Metlife/assets/images/shape/pattern-61.png]
[azim.commonsupport.com/Metlife/assets/images/news/news-15.jpg]
[azim.commonsupport.com/Metlife/assets/images/news/comment-1.png]
[azim.commonsupport.com/Metlife/assets/images/news/comment-2.png]
[azim.commonsupport.com/Metlife/blog-details.html]
[azim.commonsupport.com/Metlife/assets/images/icons/map-marker.png]
[azim.commonsupport.com/Metlife/assets/js/gmaps.js]
[azim.commonsupport.com/Metlife/assets/js/map-helper.js]
[azim.commonsupport.com/Metlife/contact.html]
[azim.commonsupport.com/Metlife/assets/fonts/fa-brands-400.ttf]
[azim.commonsupport.com/Metlife/assets/fonts/fa-brands-400.svg]
[azim.commonsupport.com/Metlife/assets/fonts/fa-light-300.svg]
[azim.commonsupport.com/Metlife/assets/fonts/fa-regular-400.svg]
[azim.commonsupport.com/Metlife/assets/fonts/fa-solid-900.svg]
[azim.commonsupport.com/Metlife/assets/fonts/icomoona86e.svg]
[azim.commonsupport.com/Metlife/assets/css/owl.video.play.html]
[azim.commonsupport.com/Metlife/assets/css/rtl.css]
